// Jest Snapshot v1, https://goo.gl/fbAQLP

exports[`renders correctly 1`] = `
<div
  className="flex-container"
>
  <nav
    className="nav-categories"
  >
    <h2>
      Categories
    </h2>
    <ul
      className="nav-menu"
    />
  </nav>
  <section
    className="apps-list"
  >
    <header>
      <input
        onChange={[Function]}
        placeholder="Search by App"
        type="text"
        value=""
      />
    </header>
    <ul />
    <ul
      className="pagination"
    >
      <li>
        <button
          disabled={true}
          onClick={[Function]}
        >
          &lt;
        </button>
      </li>
      0
      <li>
        <button
          disabled={false}
          onClick={[Function]}
        >
          &gt;
        </button>
      </li>
    </ul>
  </section>
</div>
`;
